=== assemble attempt 1 ===
Error: Free space exceeded (Add Malbolge command).
Internal error: Cannot generate initialization code for cell 58648.
Error: Free space exceeded (Add Malbolge command).
Internal error: Cannot generate initialization code for cell 58648.
Error: Memory usage conflict while generating initialization code.
The program may be too large, or a .OFFSET directive may conflict.
This is LMAO v0.6.0 (Low-level Malbolge Assembler, Ooh!) by Matthias Lutter.
=== assemble attempt 2 ===
Error: Free space exceeded (Add Malbolge command).
Internal error: Cannot generate initialization code for cell 58648.
Error: Free space exceeded (Add Malbolge command).
Internal error: Cannot generate initialization code for cell 58648.
Error: Memory usage conflict while generating initialization code.
The program may be too large, or a .OFFSET directive may conflict.
This is LMAO v0.6.0 (Low-level Malbolge Assembler, Ooh!) by Matthias Lutter.
=== assemble attempt 3 ===
Error: Free space exceeded (Add Malbolge command).
Internal error: Cannot generate initialization code for cell 58648.
Error: Free space exceeded (Add Malbolge command).
Internal error: Cannot generate initialization code for cell 58648.
Error: Memory usage conflict while generating initialization code.
The program may be too large, or a .OFFSET directive may conflict.
This is LMAO v0.6.0 (Low-level Malbolge Assembler, Ooh!) by Matthias Lutter.
=== assemble attempt 4 ===
Error: Free space exceeded (Add Malbolge command).
Internal error: Cannot generate initialization code for cell 58648.
Error: Free space exceeded (Add Malbolge command).
Internal error: Cannot generate initialization code for cell 58648.
Error: Memory usage conflict while generating initialization code.
The program may be too large, or a .OFFSET directive may conflict.
This is LMAO v0.6.0 (Low-level Malbolge Assembler, Ooh!) by Matthias Lutter.
=== assemble attempt 5 ===
Error: Free space exceeded (Add Malbolge command).
Internal error: Cannot generate initialization code for cell 58648.
Error: Free space exceeded (Add Malbolge command).
Internal error: Cannot generate initialization code for cell 58648.
Error: Memory usage conflict while generating initialization code.
The program may be too large, or a .OFFSET directive may conflict.
This is LMAO v0.6.0 (Low-level Malbolge Assembler, Ooh!) by Matthias Lutter.
=== assemble attempt 6 ===
Error: Free space exceeded (Add Malbolge command).
Internal error: Cannot generate initialization code for cell 58648.
Error: Free space exceeded (Add Malbolge command).
Internal error: Cannot generate initialization code for cell 58648.
Error: Memory usage conflict while generating initialization code.
The program may be too large, or a .OFFSET directive may conflict.
This is LMAO v0.6.0 (Low-level Malbolge Assembler, Ooh!) by Matthias Lutter.
=== assemble attempt 7 ===
Error: Free space exceeded (Add Malbolge command).
Internal error: Cannot generate initialization code for cell 58648.
Error: Free space exceeded (Add Malbolge command).
Internal error: Cannot generate initialization code for cell 58648.
Error: Memory usage conflict while generating initialization code.
The program may be too large, or a .OFFSET directive may conflict.
This is LMAO v0.6.0 (Low-level Malbolge Assembler, Ooh!) by Matthias Lutter.
=== assemble attempt 8 ===
Error: Free space exceeded (Add Malbolge command).
Internal error: Cannot generate initialization code for cell 58648.
Error: Free space exceeded (Add Malbolge command).
Internal error: Cannot generate initialization code for cell 58648.
Error: Memory usage conflict while generating initialization code.
The program may be too large, or a .OFFSET directive may conflict.
This is LMAO v0.6.0 (Low-level Malbolge Assembler, Ooh!) by Matthias Lutter.
=== assemble attempt 9 ===
Error: Free space exceeded (Add Malbolge command).
Internal error: Cannot generate initialization code for cell 58648.
Error: Free space exceeded (Add Malbolge command).
Internal error: Cannot generate initialization code for cell 58648.
Error: Memory usage conflict while generating initialization code.
The program may be too large, or a .OFFSET directive may conflict.
This is LMAO v0.6.0 (Low-level Malbolge Assembler, Ooh!) by Matthias Lutter.
=== assemble attempt 10 ===
Error: Free space exceeded (Add Malbolge command).
Internal error: Cannot generate initialization code for cell 58648.
Error: Free space exceeded (Add Malbolge command).
Internal error: Cannot generate initialization code for cell 58648.
Error: Memory usage conflict while generating initialization code.
The program may be too large, or a .OFFSET directive may conflict.
This is LMAO v0.6.0 (Low-level Malbolge Assembler, Ooh!) by Matthias Lutter.
=== assemble attempt 11 ===
Error: Free space exceeded (Add Malbolge command).
Internal error: Cannot generate initialization code for cell 58648.
Error: Free space exceeded (Add Malbolge command).
Internal error: Cannot generate initialization code for cell 58648.
Error: Memory usage conflict while generating initialization code.
The program may be too large, or a .OFFSET directive may conflict.
This is LMAO v0.6.0 (Low-level Malbolge Assembler, Ooh!) by Matthias Lutter.
=== assemble attempt 12 ===
Error: Free space exceeded (Add Malbolge command).
Internal error: Cannot generate initialization code for cell 58648.
Error: Free space exceeded (Add Malbolge command).
Internal error: Cannot generate initialization code for cell 58648.
Error: Memory usage conflict while generating initialization code.
The program may be too large, or a .OFFSET directive may conflict.
This is LMAO v0.6.0 (Low-level Malbolge Assembler, Ooh!) by Matthias Lutter.
